[STATE 2026-06-15 17:20:00] Enabling terminal logging to logs//agem/post-fix_single-epoch_TIL-2026-06-15_17-20-00-9533/0/terminal.log
New Experiment Starting...
Running model:  agem
[STATE 2026-06-15 17:20:00] Experiment 'post-fix_single-epoch_TIL' starting with model 'agem' (seed 0)
Set seed 0
[STATE 2026-06-15 17:20:00] Runtime accel: cudnn.benchmark=False amp=True amp_dtype=bfloat16
t2-rcn.npz train: x=(50362, 1024), y=(50362, 2)
t2-rcn.npz test: x=(16787, 1024), y=(16787, 2)
t2-rcn.npz: applied data scaling mode 'normalize'.
Loaded t2-rcn.npz: Unique train labels: UniqueCountsResult(values=array([-1,  3,  5, 10, 12, 15]), counts=array([24209,  5770,  3030,  2320,  7509,  7524]))
Noise labels ratio in t2-rcn.npz train: 0.24, test: 0.24
Loaded t2-rcn.npz: Remapped labels: [0 1 2 3 4 5]. Size: 50362)
t0-rcn.npz train: x=(51916, 1024), y=(51916, 2)
t0-rcn.npz test: x=(17305, 1024), y=(17305, 2)
t0-rcn.npz: applied data scaling mode 'normalize'.
Loaded t0-rcn.npz: Unique train labels: UniqueCountsResult(values=array([-1,  1,  8,  9, 11, 13, 14]), counts=array([24225,  4268,  2495,  2943,  3015,  7464,  7506]))
Noise labels ratio in t0-rcn.npz train: 0.23, test: 0.23
Loaded t0-rcn.npz: Remapped labels: [ 6  7  8  9 10 11 12]. Size: 51916)
t2-uclresm-25noise.npz train: moved sample axis (3, 350028, 1024) -> (350028, 3, 1024)
t2-uclresm-25noise.npz test: moved sample axis (3, 233351, 1024) -> (233351, 3, 1024)
t2-uclresm-25noise.npz train: x=(350028, 3, 1024), y=(350028,)
t2-uclresm-25noise.npz test: x=(233351, 3, 1024), y=(233351,)
t2-uclresm-25noise.npz: applied data scaling mode 'normalize'.
Loaded t2-uclresm-25noise.npz: Unique train labels: UniqueCountsResult(values=array([-1,  0,  1,  2,  3,  4]), counts=array([87441, 27347, 71754, 64298, 36005, 63183]))
Noise labels ratio in t2-uclresm-25noise.npz train: 0.25, test: 0.25
Loaded t2-uclresm-25noise.npz: Remapped labels: [13 14 15 16 17 18]. Size: 350028)
t0-deeprad.npz train: x=(24480, 1024), y=(24480, 2)
t0-deeprad.npz test: x=(8160, 1024), y=(8160, 2)
t0-deeprad.npz: applied data scaling mode 'normalize'.
Loaded t0-deeprad.npz: Unique train labels: UniqueCountsResult(values=array([-1,  0,  1,  2,  3,  4,  5]), counts=array([12240,  2029,  1983,  2043,  2154,  2015,  2016]))
Noise labels ratio in t0-deeprad.npz train: 0.25, test: 0.25
Loaded t0-deeprad.npz: Remapped labels: [19 20 21 22 23 24 25]. Size: 24480)
t1-deeprad.npz train: x=(24480, 1024), y=(24480, 2)
t1-deeprad.npz test: x=(8160, 1024), y=(8160, 2)
t1-deeprad.npz: applied data scaling mode 'normalize'.
Loaded t1-deeprad.npz: Unique train labels: UniqueCountsResult(values=array([-1,  0,  1,  2,  3,  4,  5]), counts=array([12240,  1988,  2029,  2054,  1988,  2053,  2128]))
Noise labels ratio in t1-deeprad.npz train: 0.25, test: 0.25
Loaded t1-deeprad.npz: Remapped labels: [26 27 28 29 30 31 32]. Size: 24480)
t1-uclresm-25noise.npz train: moved sample axis (3, 201410, 1024) -> (201410, 3, 1024)
t1-uclresm-25noise.npz test: moved sample axis (3, 116291, 1024) -> (116291, 3, 1024)
t1-uclresm-25noise.npz train: x=(201410, 3, 1024), y=(201410,)
t1-uclresm-25noise.npz test: x=(116291, 3, 1024), y=(116291,)
t1-uclresm-25noise.npz: applied data scaling mode 'normalize'.
Loaded t1-uclresm-25noise.npz: Unique train labels: UniqueCountsResult(values=array([-1,  0,  1,  2,  3,  4]), counts=array([43668, 18021, 17838, 18087, 31870, 71926]))
Noise labels ratio in t1-uclresm-25noise.npz train: 0.22, test: 0.25
Loaded t1-uclresm-25noise.npz: Remapped labels: [33 34 35 36 37 38]. Size: 201410)
t3-deeprad.npz train: x=(17340, 1024), y=(17340, 2)
t3-deeprad.npz test: x=(6800, 1024), y=(6800, 2)
t3-deeprad.npz: applied data scaling mode 'normalize'.
Loaded t3-deeprad.npz: Unique train labels: UniqueCountsResult(values=array([-1,  0,  1,  2,  3,  4]), counts=array([8670, 1693, 1677, 1794, 1716, 1790]))
Noise labels ratio in t3-deeprad.npz train: 0.25, test: 0.25
Loaded t3-deeprad.npz: Remapped labels: [39 40 41 42 43 44]. Size: 17340)
t0-uclresm-25noise.npz train: moved sample axis (3, 188050, 1024) -> (188050, 3, 1024)
t0-uclresm-25noise.npz test: moved sample axis (3, 107348, 1024) -> (107348, 3, 1024)
t0-uclresm-25noise.npz train: x=(188050, 3, 1024), y=(188050,)
t0-uclresm-25noise.npz test: x=(107348, 3, 1024), y=(107348,)
t0-uclresm-25noise.npz: applied data scaling mode 'normalize'.
Loaded t0-uclresm-25noise.npz: Unique train labels: UniqueCountsResult(values=array([-1,  0,  1,  2,  3,  4]), counts=array([40144, 32109, 17978, 17979, 18098, 61742]))
Noise labels ratio in t0-uclresm-25noise.npz train: 0.21, test: 0.25
Loaded t0-uclresm-25noise.npz: Remapped labels: [45 46 47 48 49 50]. Size: 188050)
t1-rcn.npz train: x=(36658, 1024), y=(36658, 2)
t1-rcn.npz test: x=(12220, 1024), y=(12220, 2)
t1-rcn.npz: applied data scaling mode 'normalize'.
Loaded t1-rcn.npz: Unique train labels: UniqueCountsResult(values=array([-1,  0,  2,  4,  6,  7, 16]), counts=array([20595,   824,  2087,  2606,  2396,  1716,  6434]))
Noise labels ratio in t1-rcn.npz train: 0.28, test: 0.28
Loaded t1-rcn.npz: Remapped labels: [51 52 53 54 55 56 57]. Size: 36658)
t2-deeprad.npz train: x=(17340, 1024), y=(17340, 2)
t2-deeprad.npz test: x=(6800, 1024), y=(6800, 2)
t2-deeprad.npz: applied data scaling mode 'normalize'.
Loaded t2-deeprad.npz: Unique train labels: UniqueCountsResult(values=array([-1,  0,  1,  2,  3,  4]), counts=array([8670, 1774, 1675, 1777, 1694, 1750]))
Noise labels ratio in t2-deeprad.npz train: 0.25, test: 0.25
Loaded t2-deeprad.npz: Remapped labels: [58 59 60 61 62 63]. Size: 17340)
Built classes_per_task: [6, 7, 6, 7, 7, 6, 6, 6, 7, 6]
Classes per task: [6, 7, 6, 7, 7, 6, 6, 6, 7, 6]
[STATE 2026-06-15 17:21:34] Loader 'task_incremental_loader' ready: 1024 inputs, 64 outputs, 10 tasks
n_outputs: 64 	n_tasks: 10
[STATE 2026-06-15 17:21:34] Logging to logs//agem/post-fix_single-epoch_TIL-2026-06-15_17-20-00-9533/0
True
Model device: cuda:0
[STATE 2026-06-15 17:21:34] Model initialized on device cuda:0
[STATE 2026-06-15 17:21:34] Invoking continual life experience flow
[STATE 2026-06-15 17:21:34] Life experience start: 10 tasks queued
[STATE 2026-06-15 17:21:34] Legacy epoch behavior enabled: using n_epochs=1 for all tasks
Task 0: 50362 training samples, 16787 test samples.
[STATE 2026-06-15 17:21:34] Task 0: zero-shot validation (pre-train)
---- Zero-shot (pre-train) task 0: rec_cls 0.1216 | prec_cls 0.1235 | f1_cls 0.0945 | det 0.4547 | pfa 0.7882 | total_f1 0.0945 ----
[STATE 2026-06-15 17:21:39] Starting task 0 (1/10)
[STATE 2026-06-15 17:21:39] Task 0 Epoch 1/1: entering train loop
T0| Ep: 1/1| Loss: 0.396| Rec: 0.83| Prec: 0.86| F1: 0.81| DetRec: 0.88| DetFA: 0.23: 100%|████████████████████████████████████████████████████████| 197/197 [00:58<00:00,  3.36it/s]
[STATE 2026-06-15 17:22:37] Task 0 Epoch 1/1: running validation (end of epoch)
---- Eval at Epoch 0: cls [0.8769819291355168] | det_recall [0.8783744325285957] | det_fa [0.228322783818154] ----
[STATE 2026-06-15 17:22:42] Task 0: running final validation.
Saved task checkpoint: logs//agem/post-fix_single-epoch_TIL-2026-06-15_17-20-00-9533/0/checkpoints/task_0.pt
[STATE 2026-06-15 17:22:46] Saved task checkpoint to logs//agem/post-fix_single-epoch_TIL-2026-06-15_17-20-00-9533/0/checkpoints/task_0.pt
[STATE 2026-06-15 17:22:46] Completed task 0 (1/10)
Task 1: 51916 training samples, 17305 test samples.
[STATE 2026-06-15 17:22:46] Task 1: zero-shot validation (pre-train)
---- Zero-shot (pre-train) task 1: rec_cls 0.2494 | prec_cls 0.2806 | f1_cls 0.1209 | det 0.5000 | pfa 1.0000 | total_f1 0.4623 ----
[STATE 2026-06-15 17:22:55] Starting task 1 (2/10)
[STATE 2026-06-15 17:22:55] Task 1 Epoch 1/1: entering train loop
T1| Ep: 1/1| Loss: 0.462| Rec: 0.88| Prec: 0.87| F1: 0.66| DetRec: 0.72| DetFA: 0.53: 100%|████████████████████████████████████████████████████████| 203/203 [01:58<00:00,  1.71it/s]
[STATE 2026-06-15 17:24:53] Task 1 Epoch 1/1: running validation (end of epoch)
---- Eval at Epoch 0: cls [0.8280456652117631, 0.8279019228238456] | det_recall [0.8587252609982263, 0.8029707217542776] | det_fa [0.2616870649019504, 0.34048597676420306] ----
[STATE 2026-06-15 17:25:02] Task 1: running final validation.
Saved task checkpoint: logs//agem/post-fix_single-epoch_TIL-2026-06-15_17-20-00-9533/0/checkpoints/task_1.pt
[STATE 2026-06-15 17:25:11] Saved task checkpoint to logs//agem/post-fix_single-epoch_TIL-2026-06-15_17-20-00-9533/0/checkpoints/task_1.pt
[STATE 2026-06-15 17:25:11] Completed task 1 (2/10)
Task 2: 350028 training samples, 175014 test samples.
[STATE 2026-06-15 17:25:22] Task 2: zero-shot validation (pre-train)
---- Zero-shot (pre-train) task 2: rec_cls 0.0149 | prec_cls 0.1378 | f1_cls 0.0872 | det 0.5093 | pfa 0.0646 | total_f1 0.5286 ----
[STATE 2026-06-15 17:26:16] Starting task 2 (3/10)
[STATE 2026-06-15 17:26:16] Task 2 Epoch 1/1: entering train loop
T2| Ep: 1/1| Loss: 0.827| Rec: 0.61| Prec: 0.64| F1: 0.57| DetRec: 0.79| DetFA: 0.36: 100%|██████████████████████████████████████████████████████| 1368/1368 [13:18<00:00,  1.71it/s]
[STATE 2026-06-15 17:39:35] Task 2 Epoch 1/1: running validation (end of epoch)
---- Eval at Epoch 0: cls [0.6496527316345913, 0.5213638061856283, 0.6938511881216133] | det_recall [0.8172737422666758, 0.7420908081459597, 0.8427215338599373] | det_fa [0.3186476675192469, 0.3612251350631901, 0.23615182008377839] ----
[STATE 2026-06-15 17:40:29] Task 2: running final validation.
Saved task checkpoint: logs//agem/post-fix_single-epoch_TIL-2026-06-15_17-20-00-9533/0/checkpoints/task_2.pt
[STATE 2026-06-15 17:41:23] Saved task checkpoint to logs//agem/post-fix_single-epoch_TIL-2026-06-15_17-20-00-9533/0/checkpoints/task_2.pt
[STATE 2026-06-15 17:41:23] Completed task 2 (3/10)
Task 3: 24480 training samples, 8160 test samples.
[STATE 2026-06-15 17:41:23] Task 3: zero-shot validation (pre-train)
---- Zero-shot (pre-train) task 3: rec_cls 0.0376 | prec_cls 0.1290 | f1_cls 0.1488 | det 0.6247 | pfa 0.0015 | total_f1 0.4807 ----
[STATE 2026-06-15 17:42:19] Starting task 3 (4/10)
[STATE 2026-06-15 17:42:19] Task 3 Epoch 1/1: entering train loop
T3| Ep: 1/1| Loss: 0.787| Rec: 0.57| Prec: 0.61| F1: 0.64| DetRec: 0.99| DetFA: 0.0: 100%|███████████████████████████████████████████████████████████| 96/96 [00:54<00:00,  1.76it/s]
[STATE 2026-06-15 17:43:14] Task 3 Epoch 1/1: running validation (end of epoch)
---- Eval at Epoch 0: cls [0.37629512030683987, 0.33058624050991287, 0.5053972268851099, 0.59623667755363] | det_recall [0.7290800421809485, 0.6824367508525313, 0.8035874084319707, 0.9980365380502522] | det_fa [0.447396150646731, 0.5109016173239372, 0.3417325924215474, 0.003926923899495674] ----
[STATE 2026-06-15 17:44:10] Task 3: running final validation.
Saved task checkpoint: logs//agem/post-fix_single-epoch_TIL-2026-06-15_17-20-00-9533/0/checkpoints/task_3.pt
[STATE 2026-06-15 17:45:07] Saved task checkpoint to logs//agem/post-fix_single-epoch_TIL-2026-06-15_17-20-00-9533/0/checkpoints/task_3.pt
[STATE 2026-06-15 17:45:07] Completed task 3 (4/10)
Task 4: 24480 training samples, 8160 test samples.
[STATE 2026-06-15 17:45:07] Task 4: zero-shot validation (pre-train)
---- Zero-shot (pre-train) task 4: rec_cls 0.2285 | prec_cls 0.2019 | f1_cls 0.1048 | det 0.4999 | pfa 1.0000 | total_f1 0.3960 ----
[STATE 2026-06-15 17:46:05] Starting task 4 (5/10)
[STATE 2026-06-15 17:46:05] Task 4 Epoch 1/1: entering train loop
T4| Ep: 1/1| Loss: 0.984| Rec: 0.43| Prec: 0.57| F1: 0.49| DetRec: 1.0| DetFA: 0.0: 100%|████████████████████████████████████████████████████████████| 96/96 [00:55<00:00,  1.72it/s]
[STATE 2026-06-15 17:47:01] Task 4 Epoch 1/1: running validation (end of epoch)
---- Eval at Epoch 0: cls [0.3603666136795761, 0.2726339517406054, 0.436133794131101, 0.5357598169595906, 0.4090516813346533] | det_recall [0.6831051740421723, 0.6936733965222145, 0.7787817996583704, 0.9949028487279905, 1.0] | det_fa [0.5312843803175245, 0.4501247291156513, 0.39237077808250065, 0.01019430254401918, 0.0] ----
[STATE 2026-06-15 17:48:00] Task 4: running final validation.
Saved task checkpoint: logs//agem/post-fix_single-epoch_TIL-2026-06-15_17-20-00-9533/0/checkpoints/task_4.pt
[STATE 2026-06-15 17:48:58] Saved task checkpoint to logs//agem/post-fix_single-epoch_TIL-2026-06-15_17-20-00-9533/0/checkpoints/task_4.pt
[STATE 2026-06-15 17:48:58] Completed task 4 (5/10)
Task 5: 201410 training samples, 100705 test samples.
[STATE 2026-06-15 17:49:09] Task 5: zero-shot validation (pre-train)
---- Zero-shot (pre-train) task 5: rec_cls 0.2043 | prec_cls 0.1313 | f1_cls 0.0852 | det 0.4991 | pfa 1.0000 | total_f1 0.3693 ----
[STATE 2026-06-15 17:50:34] Starting task 5 (6/10)
[STATE 2026-06-15 17:50:34] Task 5 Epoch 1/1: entering train loop
T5| Ep: 1/1| Loss: 0.5| Rec: 0.79| Prec: 0.79| F1: 0.77| DetRec: 0.88| DetFA: 0.21: 100%|██████████████████████████████████████████████████████████| 787/787 [07:37<00:00,  1.72it/s]
[STATE 2026-06-15 17:58:12] Task 5 Epoch 1/1: running validation (end of epoch)
---- Eval at Epoch 0: cls [0.20019419396107233, 0.22001126279755234, 0.27389847388568017, 0.4336085671097261, 0.23622936308864978, 0.8067924232728726] | det_recall [0.44969198753620926, 0.5613615672766649, 0.7699538046499711, 0.8623270711660025, 0.9529099588469374, 0.8797117507573043] | det_fa [0.864777528097351, 0.6526131670398164, 0.3751714843564297, 0.27339962590887334, 0.0, 0.21044947637182176] ----
[STATE 2026-06-15 17:59:36] Task 5: running final validation.
Saved task checkpoint: logs//agem/post-fix_single-epoch_TIL-2026-06-15_17-20-00-9533/0/checkpoints/task_5.pt
[STATE 2026-06-15 18:01:00] Saved task checkpoint to logs//agem/post-fix_single-epoch_TIL-2026-06-15_17-20-00-9533/0/checkpoints/task_5.pt
[STATE 2026-06-15 18:01:00] Completed task 5 (6/10)
Task 6: 17340 training samples, 6800 test samples.
[STATE 2026-06-15 18:01:01] Task 6: zero-shot validation (pre-train)
---- Zero-shot (pre-train) task 6: rec_cls 0.1521 | prec_cls 0.1710 | f1_cls 0.0570 | det 0.5018 | pfa 0.9789 | total_f1 0.3111 ----
[STATE 2026-06-15 18:02:27] Starting task 6 (7/10)
[STATE 2026-06-15 18:02:27] Task 6 Epoch 1/1: entering train loop
T6| Ep: 1/1| Loss: 0.676| Rec: 0.61| Prec: 0.61| F1: 0.66| DetRec: 1.0| DetFA: 0.0: 100%|████████████████████████████████████████████████████████████| 68/68 [00:39<00:00,  1.74it/s]
[STATE 2026-06-15 18:03:06] Task 6 Epoch 1/1: running validation (end of epoch)
---- Eval at Epoch 0: cls [0.2874753558050447, 0.1921305545695447, 0.24317387927481893, 0.5402416825517118, 0.34251627980803956, 0.7033688688145056, 0.5570426137170146] | det_recall [0.5769638704086109, 0.6053514500643855, 0.6706025254286319, 0.9016296824952916, 1.0, 0.8267505974392076, 1.0] | det_fa [0.7015584054074826, 0.5594529565005127, 0.5139123077772747, 0.1914264753421432, 0.0, 0.3335353263320039, 0.0] ----
[STATE 2026-06-15 18:04:32] Task 6: running final validation.
Saved task checkpoint: logs//agem/post-fix_single-epoch_TIL-2026-06-15_17-20-00-9533/0/checkpoints/task_6.pt
[STATE 2026-06-15 18:05:59] Saved task checkpoint to logs//agem/post-fix_single-epoch_TIL-2026-06-15_17-20-00-9533/0/checkpoints/task_6.pt
[STATE 2026-06-15 18:05:59] Completed task 6 (7/10)
Task 7: 188050 training samples, 94025 test samples.
[STATE 2026-06-15 18:06:09] Task 7: zero-shot validation (pre-train)
---- Zero-shot (pre-train) task 7: rec_cls 0.2477 | prec_cls 0.1972 | f1_cls 0.1025 | det 0.5000 | pfa 1.0000 | total_f1 0.3708 ----
[STATE 2026-06-15 18:08:00] Starting task 7 (8/10)
[STATE 2026-06-15 18:08:00] Task 7 Epoch 1/1: entering train loop
T7| Ep: 1/1| Loss: 0.495| Rec: 0.77| Prec: 0.85| F1: 0.78| DetRec: 0.89| DetFA: 0.15: 100%|████████████████████████████████████████████████████████| 735/735 [07:03<00:00,  1.73it/s]
[STATE 2026-06-15 18:15:04] Task 7 Epoch 1/1: running validation (end of epoch)
---- Eval at Epoch 0: cls [0.24277519333498646, 0.18720637172657692, 0.2685324373033731, 0.49517080356618737, 0.273809156899637, 0.5734730306000637, 0.47785111629414695, 0.7828210252614006] | det_recall [0.5643017006118549, 0.595614695803079, 0.739635423325025, 0.9953856218818949, 0.9996457447695257, 0.8735800517908767, 0.9998657357679913, 0.8632890884061307] | det_fa [0.6503582555454147, 0.56538646734767, 0.46578174010090745, 0.002704229342093548, 0.0, 0.17715803361066004, 0.0002685284640171858, 0.21558572805944398] ----
[STATE 2026-06-15 18:16:54] Task 7: running final validation.
Saved task checkpoint: logs//agem/post-fix_single-epoch_TIL-2026-06-15_17-20-00-9533/0/checkpoints/task_7.pt
[STATE 2026-06-15 18:18:45] Saved task checkpoint to logs//agem/post-fix_single-epoch_TIL-2026-06-15_17-20-00-9533/0/checkpoints/task_7.pt
[STATE 2026-06-15 18:18:45] Completed task 7 (8/10)
Task 8: 36658 training samples, 12220 test samples.
[STATE 2026-06-15 18:18:45] Task 8: zero-shot validation (pre-train)
---- Zero-shot (pre-train) task 8: rec_cls 0.1458 | prec_cls 0.0468 | f1_cls 0.0297 | det 0.4998 | pfa 0.9992 | total_f1 0.3863 ----
[STATE 2026-06-15 18:20:39] Starting task 8 (9/10)
[STATE 2026-06-15 18:20:39] Task 8 Epoch 1/1: entering train loop
T8| Ep: 1/1| Loss: 0.705| Rec: 0.69| Prec: 0.77| F1: 0.62| DetRec: 0.83| DetFA: 0.34: 100%|████████████████████████████████████████████████████████| 144/144 [01:22<00:00,  1.75it/s]
[STATE 2026-06-15 18:22:02] Task 8 Epoch 1/1: running validation (end of epoch)
---- Eval at Epoch 0: cls [0.3970081496114392, 0.20048509528401381, 0.2043371604198499, 0.40147737697289093, 0.2652374483452702, 0.2966265012820335, 0.3819045287736679, 0.4198191995530767, 0.8262428401650967] | det_recall [0.8037788761849695, 0.6922682902464105, 0.4901729556624043, 0.9738308142693995, 0.9635842615080149, 0.5241014523016964, 1.0, 0.5019214278354961, 0.7980116361311659] | det_fa [0.2958650954571028, 0.4224495796256409, 0.8704865556242423, 0.0, 0.0, 0.8568209123351919, 0.0, 0.8827784040948089, 0.36656753467894415] ----
[STATE 2026-06-15 18:23:55] Task 8: running final validation.
Saved task checkpoint: logs//agem/post-fix_single-epoch_TIL-2026-06-15_17-20-00-9533/0/checkpoints/task_8.pt
[STATE 2026-06-15 18:25:49] Saved task checkpoint to logs//agem/post-fix_single-epoch_TIL-2026-06-15_17-20-00-9533/0/checkpoints/task_8.pt
[STATE 2026-06-15 18:25:49] Completed task 8 (9/10)
Task 9: 17340 training samples, 6800 test samples.
[STATE 2026-06-15 18:25:49] Task 9: zero-shot validation (pre-train)
---- Zero-shot (pre-train) task 9: rec_cls 0.1681 | prec_cls 0.1090 | f1_cls 0.0485 | det 0.4997 | pfa 1.0000 | total_f1 0.3268 ----
[STATE 2026-06-15 18:27:45] Starting task 9 (10/10)
[STATE 2026-06-15 18:27:45] Task 9 Epoch 1/1: entering train loop
T9| Ep: 1/1| Loss: 0.89| Rec: 0.44| Prec: 0.43| F1: 0.5| DetRec: 1.0| DetFA: 0.0: 100%|██████████████████████████████████████████████████████████████| 68/68 [00:39<00:00,  1.72it/s]
[STATE 2026-06-15 18:28:24] Task 9 Epoch 1/1: running validation (end of epoch)
---- Eval at Epoch 0: cls [0.21533071918580426, 0.18766591666040366, 0.20328004771808966, 0.41945199532784455, 0.34094844018358894, 0.31572952048015135, 0.4068328403419671, 0.441502510492292, 0.5473172503152649, 0.45055946927593277] | det_recall [0.5672180915043068, 0.6528130409451095, 0.4817369305249208, 0.9838873285057007, 1.0, 0.5405657629478376, 1.0, 0.5160319042026903, 0.7971629848591449, 1.0] | det_fa [0.7422061980126063, 0.41565962988509936, 0.893070253934919, 0.0, 0.0, 0.8351563440552604, 0.0, 0.915802519084559, 0.2422551158461508, 0.0] ----
[STATE 2026-06-15 18:30:20] Task 9: running final validation.
Saved task checkpoint: logs//agem/post-fix_single-epoch_TIL-2026-06-15_17-20-00-9533/0/checkpoints/task_9.pt
[STATE 2026-06-15 18:32:16] Saved task checkpoint to logs//agem/post-fix_single-epoch_TIL-2026-06-15_17-20-00-9533/0/checkpoints/task_9.pt
[STATE 2026-06-15 18:32:16] Completed task 9 (10/10)
####Final Validation Accuracy####
Final Results:- 
 Total Recall: 0.35058426598900716 
 Individual Recall: [0.2135403911568549, 0.18893387740016807, 0.20304415407665394, 0.4125495787979285, 0.3434574366020039, 0.3142082585134951, 0.3991664834571092, 0.44273930758142394, 0.5395812771841664, 0.4486218951202677]
Final Detection Results:- 
 Total Detection: 0.7543741167970827 
 Individual Detection: [0.5683649784400219, 0.6552790601444988, 0.4822665741701921, 0.983795768169649, 1.0, 0.540470687774592, 1.0, 0.5157917906341399, 0.797772308637733, 1.0]
Final Detection False Alarm:- 
 Total False Alarm: 0.40326580589799876 
 Individual False Alarm: [0.7393744967972854, 0.41045895202110605, 0.8925179950458855, 0.0, 0.0, 0.8344413317479539, 0.0, 0.9144085537784704, 0.24145672958928643, 0.0]
SUMMARY_TR cls_rec=0.4036 cls_prec=0.3829 cls_f1=0.4534 det=0.7539 fa=0.4044
SUMMARY_TE cls_rec=0.3506 cls_prec=0.3714 cls_f1=0.3416 det=0.7544 fa=0.4033
[STATE 2026-06-15 18:32:16] Saving results to logs//agem/post-fix_single-epoch_TIL-2026-06-15_17-20-00-9533/0/results
Model size: 0.0289 GB
Memory buffer size: 0.0391 GB
Persistent state sizes (GB): model_params=0.0289 replay=0.0391 regularization=0.0000 arch_mask=0.0000 other=0.1589 total=0.2269
logs//agem/post-fix_single-epoch_TIL-2026-06-15_17-20-00-9533/0/results: {'expt_name': 'post-fix_single-epoch_TIL', 'model': 'agem', 'arch': 'resnet1d', 'n_hiddens': 100, 'n_layers': 2, 'xav_init': False, 'debug': False, 'use_detector_arch': False, 'use_groupnorm': False, 'inner_steps': 2, 'n_epochs': 1, 'batch_size': 256, 'replay_batch_size': 128, 'memories': 5120, 'lr': 0.003, 'optimizer': 'sgd', 'prune_perc': 0.75, 'post_prune_epochs': 0, 'class_weighted_ce': True, 'cuda': True, 'amp': True, 'amp_dtype': 'bfloat16', 'cudnn_benchmark': True, 'seed': 0, 'log_every': 10, 'log_dir': 'logs//agem/post-fix_single-epoch_TIL-2026-06-15_17-20-00-9533/0', 'tf_dir': 'logs//agem/post-fix_single-epoch_TIL-2026-06-15_17-20-00-9533/0/tfdir', 'calc_test_accuracy': False, 'state_logging': True, 'data_path': 'data/rff/radar/full', 'task_order_files': 't2-rcn,t0-rcn,t2-uclresm-25noise,t0-deeprad,t1-deeprad,t1-uclresm-25noise,t3-deeprad,t0-uclresm-25noise,t1-rcn,t2-deeprad', 'loader': 'task_incremental_loader', 'samples_per_task': -1, 'task_order_seed': None, 'classes_per_it': 6, 'iterations': 5000, 'dataset': 'iq', 'workers': 0, 'validation': 0.5, 'data_scaling': 'normalize', 'use_iq_aug_features': False, 'iq_aug_feature_type': 'power', 'class_order': 'random', 'increment': 5, 'test_batch_size': 512, 'nc_per_task': None, 'nc_per_task_list': '', 'val_rate': 1000, 'opt_lr': 0.1, 'opt_wt': 0.1, 'alpha_init': 0.001, 'momentum': 0.0, 'learn_lr': False, 'sync_update': False, 'grad_clip_norm': 5.0, 'meta_batches': 3, 'use_old_task_memory': False, 'second_order': False, 'n_memories': 5120, 'memory_strength': 0, 'memory_loss_lambda': 5.0, 'steps_per_sample': 1, 'bgd_optimizer': 'sgd', 'optimizer_params': '{}', 'train_mc_iters': 5, 'std_init': 0.05, 'mean_eta': 1, 'fisher_gamma': 0.95, 'rln': 7, 'meta_lr': 0.001, 'update_lr': 0.1, 'ctx_lr': 0.05, 'n_meta': 1, 'temperature': 5.0, 'task_emb': 64, 'classes_per_task': [6, 7, 6, 7, 7, 6, 6, 6, 7, 6], 'get_samples_per_task': <bound method IncrementalLoader.get_samples_per_task of <dataloaders.task_incremental_loader.IncrementalLoader object at 0x7761f8d11c30>>, 'task_epoch_schedule': {}} # val: 0.682 0.351 -0.332 0.000 # sizes: model_gb=0.0289 mem_gb=0.0391 # state_gb: model_params=0.0289 replay=0.0391 regularization=0.0000 arch_mask=0.0000 other=0.1589 total=0.2269 # 4241.558195590973
[STATE 2026-06-15 18:32:17] results.pt components (approx): state_dict 29.6 MB, result_val_t 0.1 KB, result_val_a 0.8 KB
[STATE 2026-06-15 18:32:17] Results saved; total runtime 1.18h
Total runtime: 1.18 hours
