[STATE 2026-06-15 21:34:24] Enabling terminal logging to logs//agem/full-tasks_CIL_all-2026-06-15_21-34-24-2248/39/terminal.log
New Experiment Starting...
Running model:  agem
[STATE 2026-06-15 21:34:24] Experiment 'full-tasks_CIL_all' starting with model 'agem' (seed 39)
Set seed 39
[STATE 2026-06-15 21:34:24] Runtime accel: cudnn.benchmark=False amp=True amp_dtype=bfloat16
t2-rcn.npz train: x=(50362, 1024), y=(50362, 2)
t2-rcn.npz test: x=(16787, 1024), y=(16787, 2)
t2-rcn.npz: applied data scaling mode 'normalize'.
Loaded t2-rcn.npz: Unique train labels: UniqueCountsResult(values=array([-1,  3,  5, 10, 12, 15]), counts=array([24209,  5770,  3030,  2320,  7509,  7524]))
Noise labels ratio in t2-rcn.npz train: 0.24, test: 0.24
Loaded t2-rcn.npz: Remapped labels: [0 1 2 3 4 5]. Size: 50362)
t0-rcn.npz train: x=(51916, 1024), y=(51916, 2)
t0-rcn.npz test: x=(17305, 1024), y=(17305, 2)
t0-rcn.npz: applied data scaling mode 'normalize'.
Loaded t0-rcn.npz: Unique train labels: UniqueCountsResult(values=array([-1,  1,  8,  9, 11, 13, 14]), counts=array([24225,  4268,  2495,  2943,  3015,  7464,  7506]))
Noise labels ratio in t0-rcn.npz train: 0.23, test: 0.23
Loaded t0-rcn.npz: Remapped labels: [ 6  7  8  9 10 11 12]. Size: 51916)
t2-uclresm-25noise.npz train: moved sample axis (3, 350028, 1024) -> (350028, 3, 1024)
t2-uclresm-25noise.npz test: moved sample axis (3, 233351, 1024) -> (233351, 3, 1024)
t2-uclresm-25noise.npz train: x=(350028, 3, 1024), y=(350028,)
t2-uclresm-25noise.npz test: x=(233351, 3, 1024), y=(233351,)
t2-uclresm-25noise.npz: applied data scaling mode 'normalize'.
Loaded t2-uclresm-25noise.npz: Unique train labels: UniqueCountsResult(values=array([-1,  0,  1,  2,  3,  4]), counts=array([87441, 27347, 71754, 64298, 36005, 63183]))
Noise labels ratio in t2-uclresm-25noise.npz train: 0.25, test: 0.25
Loaded t2-uclresm-25noise.npz: Remapped labels: [13 14 15 16 17 18]. Size: 350028)
t0-deeprad.npz train: x=(24480, 1024), y=(24480, 2)
t0-deeprad.npz test: x=(8160, 1024), y=(8160, 2)
t0-deeprad.npz: applied data scaling mode 'normalize'.
Loaded t0-deeprad.npz: Unique train labels: UniqueCountsResult(values=array([-1,  0,  1,  2,  3,  4,  5]), counts=array([12240,  2029,  1983,  2043,  2154,  2015,  2016]))
Noise labels ratio in t0-deeprad.npz train: 0.25, test: 0.25
Loaded t0-deeprad.npz: Remapped labels: [19 20 21 22 23 24 25]. Size: 24480)
t1-deeprad.npz train: x=(24480, 1024), y=(24480, 2)
t1-deeprad.npz test: x=(8160, 1024), y=(8160, 2)
t1-deeprad.npz: applied data scaling mode 'normalize'.
Loaded t1-deeprad.npz: Unique train labels: UniqueCountsResult(values=array([-1,  0,  1,  2,  3,  4,  5]), counts=array([12240,  1988,  2029,  2054,  1988,  2053,  2128]))
Noise labels ratio in t1-deeprad.npz train: 0.25, test: 0.25
Loaded t1-deeprad.npz: Remapped labels: [26 27 28 29 30 31 32]. Size: 24480)
t1-uclresm-25noise.npz train: moved sample axis (3, 201410, 1024) -> (201410, 3, 1024)
t1-uclresm-25noise.npz test: moved sample axis (3, 116291, 1024) -> (116291, 3, 1024)
t1-uclresm-25noise.npz train: x=(201410, 3, 1024), y=(201410,)
t1-uclresm-25noise.npz test: x=(116291, 3, 1024), y=(116291,)
t1-uclresm-25noise.npz: applied data scaling mode 'normalize'.
Loaded t1-uclresm-25noise.npz: Unique train labels: UniqueCountsResult(values=array([-1,  0,  1,  2,  3,  4]), counts=array([43668, 18021, 17838, 18087, 31870, 71926]))
Noise labels ratio in t1-uclresm-25noise.npz train: 0.22, test: 0.25
Loaded t1-uclresm-25noise.npz: Remapped labels: [33 34 35 36 37 38]. Size: 201410)
t3-deeprad.npz train: x=(17340, 1024), y=(17340, 2)
t3-deeprad.npz test: x=(6800, 1024), y=(6800, 2)
t3-deeprad.npz: applied data scaling mode 'normalize'.
Loaded t3-deeprad.npz: Unique train labels: UniqueCountsResult(values=array([-1,  0,  1,  2,  3,  4]), counts=array([8670, 1693, 1677, 1794, 1716, 1790]))
Noise labels ratio in t3-deeprad.npz train: 0.25, test: 0.25
Loaded t3-deeprad.npz: Remapped labels: [39 40 41 42 43 44]. Size: 17340)
t0-uclresm-25noise.npz train: moved sample axis (3, 188050, 1024) -> (188050, 3, 1024)
t0-uclresm-25noise.npz test: moved sample axis (3, 107348, 1024) -> (107348, 3, 1024)
t0-uclresm-25noise.npz train: x=(188050, 3, 1024), y=(188050,)
t0-uclresm-25noise.npz test: x=(107348, 3, 1024), y=(107348,)
t0-uclresm-25noise.npz: applied data scaling mode 'normalize'.
Loaded t0-uclresm-25noise.npz: Unique train labels: UniqueCountsResult(values=array([-1,  0,  1,  2,  3,  4]), counts=array([40144, 32109, 17978, 17979, 18098, 61742]))
Noise labels ratio in t0-uclresm-25noise.npz train: 0.21, test: 0.25
Loaded t0-uclresm-25noise.npz: Remapped labels: [45 46 47 48 49 50]. Size: 188050)
t1-rcn.npz train: x=(36658, 1024), y=(36658, 2)
t1-rcn.npz test: x=(12220, 1024), y=(12220, 2)
t1-rcn.npz: applied data scaling mode 'normalize'.
Loaded t1-rcn.npz: Unique train labels: UniqueCountsResult(values=array([-1,  0,  2,  4,  6,  7, 16]), counts=array([20595,   824,  2087,  2606,  2396,  1716,  6434]))
Noise labels ratio in t1-rcn.npz train: 0.28, test: 0.28
Loaded t1-rcn.npz: Remapped labels: [51 52 53 54 55 56 57]. Size: 36658)
t2-deeprad.npz train: x=(17340, 1024), y=(17340, 2)
t2-deeprad.npz test: x=(6800, 1024), y=(6800, 2)
t2-deeprad.npz: applied data scaling mode 'normalize'.
Loaded t2-deeprad.npz: Unique train labels: UniqueCountsResult(values=array([-1,  0,  1,  2,  3,  4]), counts=array([8670, 1774, 1675, 1777, 1694, 1750]))
Noise labels ratio in t2-deeprad.npz train: 0.25, test: 0.25
Loaded t2-deeprad.npz: Remapped labels: [58 59 60 61 62 63]. Size: 17340)
Built classes_per_task: [6, 7, 6, 7, 7, 6, 6, 6, 7, 6]
Classes per task: [6, 7, 6, 7, 7, 6, 6, 6, 7, 6]
[STATE 2026-06-15 21:35:29] Loader 'task_incremental_loader' ready: 1024 inputs, 64 outputs, 10 tasks
n_outputs: 64 	n_tasks: 10
[STATE 2026-06-15 21:35:29] Logging to logs//agem/full-tasks_CIL_all-2026-06-15_21-34-24-2248/39
True
Model device: cuda:0
[STATE 2026-06-15 21:35:30] Model initialized on device cuda:0
[STATE 2026-06-15 21:35:30] Invoking continual life experience flow
[STATE 2026-06-15 21:35:30] Life experience start: 10 tasks queued
[STATE 2026-06-15 21:35:30] Legacy epoch behavior enabled: using n_epochs=1 for all tasks
Task 0: 50362 training samples, 16787 test samples.
[STATE 2026-06-15 21:35:30] Task 0: zero-shot validation (pre-train)
---- Zero-shot (pre-train) task 0: rec_cls 0.1699 | prec_cls 0.1052 | f1_cls 0.0654 | det 0.4973 | pfa 0.9837 | total_f1 0.0654 ----
[STATE 2026-06-15 21:35:38] Starting task 0 (1/10)
[STATE 2026-06-15 21:35:38] Task 0 Epoch 1/1: entering train loop
[STATE 2026-06-15 21:37:30] Task 0 Epoch 1/1: running validation (end of epoch)
---- Eval at Epoch 0: cls [0.8703803703045784] | det_recall [0.8770680844201821] | det_fa [0.2261190594306715] ----
T0 Ep 1/1 | L 0.7147 | Train Acc 0.73 | Prec 0.75 | F1 0.68 | Det Rec 0.84 | Det FA 0.28 | Epoch Time 119.63s (Eval 7.90s, Train 111.73s)
[STATE 2026-06-15 21:37:38] T0 Ep 1/1 complete: Prec 0.7493 F1 0.6809 DetRec 0.8411 DetFA 0.2775 | 119.63s total (7.90s eval/111.73s train)
[STATE 2026-06-15 21:37:38] Task 0: running final validation.
Saved task checkpoint: logs//agem/full-tasks_CIL_all-2026-06-15_21-34-24-2248/39/checkpoints/task_0.pt
[STATE 2026-06-15 21:37:46] Saved task checkpoint to logs//agem/full-tasks_CIL_all-2026-06-15_21-34-24-2248/39/checkpoints/task_0.pt
[STATE 2026-06-15 21:37:46] Completed task 0 (1/10)
Task 1: 51916 training samples, 17305 test samples.
[STATE 2026-06-15 21:37:46] Task 1: zero-shot validation (pre-train)
---- Zero-shot (pre-train) task 1: rec_cls 0.0283 | prec_cls 0.0498 | f1_cls 0.1162 | det 0.5321 | pfa 0.0905 | total_f1 0.4732 ----
[STATE 2026-06-15 21:38:02] Starting task 1 (2/10)
[STATE 2026-06-15 21:38:02] Task 1 Epoch 1/1: entering train loop
[STATE 2026-06-15 21:41:48] Task 1 Epoch 1/1: running validation (end of epoch)
---- Eval at Epoch 0: cls [0.8109073070375371, 0.8204915130668543] | det_recall [0.8541044168529535, 0.8264535680488964] | det_fa [0.28288996318516463, 0.2972428654471445] ----
T1 Ep 1/1 | L 0.7601 | Train Acc 0.72 | Prec 0.77 | F1 0.62 | Det Rec 0.73 | Det FA 0.47 | Epoch Time 242.26s (Eval 15.96s, Train 226.30s)
[STATE 2026-06-15 21:42:04] T1 Ep 1/1 complete: Prec 0.7737 F1 0.6198 DetRec 0.7307 DetFA 0.4743 | 242.26s total (15.96s eval/226.30s train)
[STATE 2026-06-15 21:42:04] Task 1: running final validation.
Saved task checkpoint: logs//agem/full-tasks_CIL_all-2026-06-15_21-34-24-2248/39/checkpoints/task_1.pt
[STATE 2026-06-15 21:42:20] Saved task checkpoint to logs//agem/full-tasks_CIL_all-2026-06-15_21-34-24-2248/39/checkpoints/task_1.pt
[STATE 2026-06-15 21:42:20] Completed task 1 (2/10)
Task 2: 350028 training samples, 175014 test samples.
[STATE 2026-06-15 21:42:22] Task 2: zero-shot validation (pre-train)
---- Zero-shot (pre-train) task 2: rec_cls 0.1924 | prec_cls 0.2108 | f1_cls 0.1119 | det 0.4993 | pfa 0.9805 | total_f1 0.5410 ----
[STATE 2026-06-15 21:44:00] Starting task 2 (3/10)
[STATE 2026-06-15 21:44:00] Task 2 Epoch 1/1: entering train loop
[STATE 2026-06-15 22:10:14] Task 2 Epoch 1/1: running validation (end of epoch)
---- Eval at Epoch 0: cls [0.6294724686109484, 0.4855437752630883, 0.7017321370472029] | det_recall [0.8227442544399698, 0.7506933019059236, 0.8342673294831343] | det_fa [0.3143041660803782, 0.3868233107056356, 0.28187054927770394] ----
T2 Ep 1/1 | L 0.9903 | Train Acc 0.57 | Prec 0.59 | F1 0.56 | Det Rec 0.81 | Det FA 0.34 | Epoch Time 1676.35s (Eval 103.29s, Train 1573.06s)
[STATE 2026-06-15 22:11:57] T2 Ep 1/1 complete: Prec 0.5930 F1 0.5635 DetRec 0.8071 DetFA 0.3351 | 1676.35s total (103.29s eval/1573.06s train)
[STATE 2026-06-15 22:11:57] Task 2: running final validation.
Saved task checkpoint: logs//agem/full-tasks_CIL_all-2026-06-15_21-34-24-2248/39/checkpoints/task_2.pt
[STATE 2026-06-15 22:13:38] Saved task checkpoint to logs//agem/full-tasks_CIL_all-2026-06-15_21-34-24-2248/39/checkpoints/task_2.pt
[STATE 2026-06-15 22:13:38] Completed task 2 (3/10)
Task 3: 24480 training samples, 8160 test samples.
[STATE 2026-06-15 22:13:38] Task 3: zero-shot validation (pre-train)
---- Zero-shot (pre-train) task 3: rec_cls 0.2164 | prec_cls 0.1220 | f1_cls 0.1108 | det 0.4737 | pfa 0.9971 | total_f1 0.4651 ----
[STATE 2026-06-15 22:15:25] Starting task 3 (4/10)
[STATE 2026-06-15 22:15:25] Task 3 Epoch 1/1: entering train loop
[STATE 2026-06-15 22:17:14] Task 3 Epoch 1/1: running validation (end of epoch)
---- Eval at Epoch 0: cls [0.3367472501020239, 0.3895310516988906, 0.5456575811178593, 0.6080706783680255] | det_recall [0.7764602035251822, 0.651685980816072, 0.7829040602080247, 0.9972274645017027] | det_fa [0.28863462180598304, 0.520591494188423, 0.3611224944770702, 0.005307428411043027] ----
T3 Ep 1/1 | L 0.9132 | Train Acc 0.56 | Prec 0.56 | F1 0.59 | Det Rec 0.98 | Det FA 0.03 | Epoch Time 211.23s (Eval 102.19s, Train 109.04s)
[STATE 2026-06-15 22:18:57] T3 Ep 1/1 complete: Prec 0.5582 F1 0.5934 DetRec 0.9848 DetFA 0.0263 | 211.23s total (102.19s eval/109.04s train)
[STATE 2026-06-15 22:18:57] Task 3: running final validation.
Saved task checkpoint: logs//agem/full-tasks_CIL_all-2026-06-15_21-34-24-2248/39/checkpoints/task_3.pt
[STATE 2026-06-15 22:20:39] Saved task checkpoint to logs//agem/full-tasks_CIL_all-2026-06-15_21-34-24-2248/39/checkpoints/task_3.pt
[STATE 2026-06-15 22:20:39] Completed task 3 (4/10)
Task 4: 24480 training samples, 8160 test samples.
[STATE 2026-06-15 22:20:39] Task 4: zero-shot validation (pre-train)
---- Zero-shot (pre-train) task 4: rec_cls 0.1664 | prec_cls 0.0383 | f1_cls 0.0370 | det 0.5000 | pfa 1.0000 | total_f1 0.3925 ----
[STATE 2026-06-15 22:22:25] Starting task 4 (5/10)
[STATE 2026-06-15 22:22:25] Task 4 Epoch 1/1: entering train loop
[STATE 2026-06-15 22:24:14] Task 4 Epoch 1/1: running validation (end of epoch)
---- Eval at Epoch 0: cls [0.36787258791406874, 0.40669290936842867, 0.45809574976514017, 0.5398237009856077, 0.4241983368474241] | det_recall [0.7944789403731961, 0.7003976659400358, 0.7017214161460575, 0.9974887339912183, 1.0] | det_fa [0.32235762024089826, 0.4132300663065321, 0.5170086610920412, 0.003088568365619694, 0.0] ----
T4 Ep 1/1 | L 1.0603 | Train Acc 0.37 | Prec 0.36 | F1 0.42 | Det Rec 0.99 | Det FA 0.02 | Epoch Time 220.74s (Eval 111.63s, Train 109.12s)
[STATE 2026-06-15 22:26:06] T4 Ep 1/1 complete: Prec 0.3609 F1 0.4157 DetRec 0.9903 DetFA 0.0194 | 220.74s total (111.63s eval/109.12s train)
[STATE 2026-06-15 22:26:06] Task 4: running final validation.
Saved task checkpoint: logs//agem/full-tasks_CIL_all-2026-06-15_21-34-24-2248/39/checkpoints/task_4.pt
[STATE 2026-06-15 22:27:57] Saved task checkpoint to logs//agem/full-tasks_CIL_all-2026-06-15_21-34-24-2248/39/checkpoints/task_4.pt
[STATE 2026-06-15 22:27:57] Completed task 4 (5/10)
Task 5: 201410 training samples, 100705 test samples.
[STATE 2026-06-15 22:28:10] Task 5: zero-shot validation (pre-train)
---- Zero-shot (pre-train) task 5: rec_cls 0.1072 | prec_cls 0.1761 | f1_cls 0.1146 | det 0.4409 | pfa 0.7400 | total_f1 0.3958 ----
[STATE 2026-06-15 22:30:49] Starting task 5 (6/10)
[STATE 2026-06-15 22:30:49] Task 5 Epoch 1/1: entering train loop
[STATE 2026-06-15 22:45:49] Task 5 Epoch 1/1: running validation (end of epoch)
---- Eval at Epoch 0: cls [0.2612137659228839, 0.24752772252275607, 0.28807457507856454, 0.40807606694809734, 0.27487026803728437, 0.8041214737469288] | det_recall [0.6415924693021238, 0.6262989314401917, 0.7609843188423868, 0.9914218255959902, 0.9729998016600913, 0.8677385487958217] | det_fa [0.5384870687878612, 0.46877751067726464, 0.34165356029137073, 0.005732401467633683, 0.0, 0.24252878376167006] ----
T5 Ep 1/1 | L 0.6497 | Train Acc 0.73 | Prec 0.74 | F1 0.71 | Det Rec 0.85 | Det FA 0.24 | Epoch Time 1054.30s (Eval 154.37s, Train 899.93s)
[STATE 2026-06-15 22:48:23] T5 Ep 1/1 complete: Prec 0.7366 F1 0.7053 DetRec 0.8530 DetFA 0.2398 | 1054.30s total (154.37s eval/899.93s train)
[STATE 2026-06-15 22:48:23] Task 5: running final validation.
Saved task checkpoint: logs//agem/full-tasks_CIL_all-2026-06-15_21-34-24-2248/39/checkpoints/task_5.pt
[STATE 2026-06-15 22:50:58] Saved task checkpoint to logs//agem/full-tasks_CIL_all-2026-06-15_21-34-24-2248/39/checkpoints/task_5.pt
[STATE 2026-06-15 22:50:58] Completed task 5 (6/10)
Task 6: 17340 training samples, 6800 test samples.
[STATE 2026-06-15 22:50:58] Task 6: zero-shot validation (pre-train)
---- Zero-shot (pre-train) task 6: rec_cls 0.1088 | prec_cls 0.1290 | f1_cls 0.2162 | det 0.8511 | pfa 0.0058 | total_f1 0.3720 ----
[STATE 2026-06-15 22:53:43] Starting task 6 (7/10)
[STATE 2026-06-15 22:53:43] Task 6 Epoch 1/1: entering train loop
[STATE 2026-06-15 22:54:59] Task 6 Epoch 1/1: running validation (end of epoch)
---- Eval at Epoch 0: cls [0.17004657337823398, 0.21618116973550464, 0.2305826114100716, 0.4039574521903825, 0.2870181658588288, 0.6904957126113656, 0.5615217711498673] | det_recall [0.558294740096504, 0.5976828785513026, 0.6118346199557656, 0.9885144919847936, 1.0, 0.7512065906112513, 1.0] | det_fa [0.6404478872558987, 0.5674206815404208, 0.5466769412424025, 0.00021701388888888888, 0.0, 0.44441180762951515, 0.0] ----
T6 Ep 1/1 | L 0.8763 | Train Acc 0.52 | Prec 0.52 | F1 0.58 | Det Rec 1.00 | Det FA 0.00 | Epoch Time 234.23s (Eval 157.42s, Train 76.82s)
[STATE 2026-06-15 22:57:37] T6 Ep 1/1 complete: Prec 0.5222 F1 0.5849 DetRec 0.9956 DetFA 0.0002 | 234.23s total (157.42s eval/76.82s train)
[STATE 2026-06-15 22:57:37] Task 6: running final validation.
Saved task checkpoint: logs//agem/full-tasks_CIL_all-2026-06-15_21-34-24-2248/39/checkpoints/task_6.pt
[STATE 2026-06-15 23:00:14] Saved task checkpoint to logs//agem/full-tasks_CIL_all-2026-06-15_21-34-24-2248/39/checkpoints/task_6.pt
[STATE 2026-06-15 23:00:14] Completed task 6 (7/10)
Task 7: 188050 training samples, 94025 test samples.
[STATE 2026-06-15 23:00:25] Task 7: zero-shot validation (pre-train)
---- Zero-shot (pre-train) task 7: rec_cls 0.1058 | prec_cls 0.1784 | f1_cls 0.1295 | det 0.5323 | pfa 0.4002 | total_f1 0.3445 ----
[STATE 2026-06-15 23:03:47] Starting task 7 (8/10)
[STATE 2026-06-15 23:03:47] Task 7 Epoch 1/1: entering train loop
[STATE 2026-06-15 23:17:51] Task 7 Epoch 1/1: running validation (end of epoch)
---- Eval at Epoch 0: cls [0.1658058407547854, 0.2315485237031909, 0.2326470769146112, 0.4619522528570273, 0.2939088581877758, 0.6057733010852334, 0.47183699730228235, 0.7859850210779824] | det_recall [0.4298228539901367, 0.4999310750893414, 0.7275538405160339, 0.990398334711834, 0.9824100108203774, 0.8339732022091613, 0.9980653220790788, 0.8590000436825028] | det_fa [0.7962337209177104, 0.6990910752190765, 0.3652382876230158, 0.01217162328526378, 0.0, 0.28012555345897583, 0.0038693558418421876, 0.2217224398881001] ----
T7 Ep 1/1 | L 0.6216 | Train Acc 0.73 | Prec 0.75 | F1 0.72 | Det Rec 0.85 | Det FA 0.24 | Epoch Time 1046.30s (Eval 202.00s, Train 844.30s)
[STATE 2026-06-15 23:21:13] T7 Ep 1/1 complete: Prec 0.7549 F1 0.7176 DetRec 0.8487 DetFA 0.2356 | 1046.30s total (202.00s eval/844.30s train)
[STATE 2026-06-15 23:21:13] Task 7: running final validation.
Saved task checkpoint: logs//agem/full-tasks_CIL_all-2026-06-15_21-34-24-2248/39/checkpoints/task_7.pt
[STATE 2026-06-15 23:24:35] Saved task checkpoint to logs//agem/full-tasks_CIL_all-2026-06-15_21-34-24-2248/39/checkpoints/task_7.pt
[STATE 2026-06-15 23:24:35] Completed task 7 (8/10)
Task 8: 36658 training samples, 12220 test samples.
[STATE 2026-06-15 23:24:36] Task 8: zero-shot validation (pre-train)
---- Zero-shot (pre-train) task 8: rec_cls 0.1364 | prec_cls 0.0831 | f1_cls 0.0510 | det 0.4883 | pfa 0.9633 | total_f1 0.3783 ----
[STATE 2026-06-15 23:28:04] Starting task 8 (9/10)
[STATE 2026-06-15 23:28:04] Task 8 Epoch 1/1: entering train loop
[STATE 2026-06-15 23:30:45] Task 8 Epoch 1/1: running validation (end of epoch)
---- Eval at Epoch 0: cls [0.33083472616604065, 0.38695177029928624, 0.21732287962757024, 0.44145146708345734, 0.27797251429476966, 0.38486086280241943, 0.44082893295105524, 0.35214226383692, 0.8351093039739044] | det_recall [0.4223008730895925, 0.5148855917685844, 0.48325191990109617, 0.9804972326637214, 0.9735726679715125, 0.5411832239721135, 1.0, 0.5053372241114683, 0.7889611438788684] | det_fa [0.8467250134382311, 0.8632337250585616, 0.944588333566409, 0.0009229538532982922, 0.0, 0.8529192816360386, 0.0, 0.889962924050998, 0.4019994038772552] ----
T8 Ep 1/1 | L 0.8036 | Train Acc 0.71 | Prec 0.73 | F1 0.58 | Det Rec 0.76 | Det FA 0.44 | Epoch Time 368.55s (Eval 207.79s, Train 160.75s)
[STATE 2026-06-15 23:34:12] T8 Ep 1/1 complete: Prec 0.7261 F1 0.5817 DetRec 0.7588 DetFA 0.4394 | 368.55s total (207.79s eval/160.75s train)
[STATE 2026-06-15 23:34:12] Task 8: running final validation.
Saved task checkpoint: logs//agem/full-tasks_CIL_all-2026-06-15_21-34-24-2248/39/checkpoints/task_8.pt
[STATE 2026-06-15 23:37:40] Saved task checkpoint to logs//agem/full-tasks_CIL_all-2026-06-15_21-34-24-2248/39/checkpoints/task_8.pt
[STATE 2026-06-15 23:37:40] Completed task 8 (9/10)
Task 9: 17340 training samples, 6800 test samples.
[STATE 2026-06-15 23:37:40] Task 9: zero-shot validation (pre-train)
---- Zero-shot (pre-train) task 9: rec_cls 0.0377 | prec_cls 0.0882 | f1_cls 0.0237 | det 0.1989 | pfa 1.0000 | total_f1 0.3310 ----
[STATE 2026-06-15 23:41:11] Starting task 9 (10/10)
[STATE 2026-06-15 23:41:11] Task 9 Epoch 1/1: entering train loop
[STATE 2026-06-15 23:42:28] Task 9 Epoch 1/1: running validation (end of epoch)
---- Eval at Epoch 0: cls [0.23542781608569893, 0.3186520903932983, 0.22435168511000225, 0.45371355202443464, 0.36745724327095886, 0.39724237730384, 0.395516045013737, 0.3848535240669639, 0.4798055578489928, 0.4678757077765668] | det_recall [0.37763256311321436, 0.5537596965582386, 0.49623253701272413, 0.987056260708774, 0.999764226342711, 0.5251987272036142, 1.0, 0.5200461875401029, 0.7954190825306416, 1.0] | det_fa [0.8332957428508094, 0.7302533813095472, 0.9016186465420065, 0.0006510416666666666, 0.0, 0.8890812204839805, 0.0, 0.8925820043315112, 0.3122626238503166, 0.0] ----
T9 Ep 1/1 | L 0.9650 | Train Acc 0.41 | Prec 0.39 | F1 0.45 | Det Rec 0.98 | Det FA 0.03 | Epoch Time 287.90s (Eval 211.07s, Train 76.83s)
[STATE 2026-06-15 23:45:59] T9 Ep 1/1 complete: Prec 0.3931 F1 0.4514 DetRec 0.9771 DetFA 0.0294 | 287.90s total (211.07s eval/76.83s train)
[STATE 2026-06-15 23:45:59] Task 9: running final validation.
Saved task checkpoint: logs//agem/full-tasks_CIL_all-2026-06-15_21-34-24-2248/39/checkpoints/task_9.pt
[STATE 2026-06-15 23:49:30] Saved task checkpoint to logs//agem/full-tasks_CIL_all-2026-06-15_21-34-24-2248/39/checkpoints/task_9.pt
[STATE 2026-06-15 23:49:30] Completed task 9 (10/10)
####Final Validation Accuracy####
Final Results:- 
 Total Recall: 0.3689760770161562 
 Individual Recall: [0.22847295130761128, 0.3100730636509455, 0.22478856546557968, 0.44652629130590943, 0.3694317022794272, 0.3964063890210638, 0.3894944700776452, 0.38692380281894123, 0.47512718727494346, 0.46251634695949473]
Final Detection Results:- 
 Total Detection: 0.7247094446058104 
 Individual Detection: [0.37511003067987286, 0.5508108311558733, 0.49743156842945135, 0.9863107553072594, 0.9998867753623188, 0.5253312778743047, 1.0, 0.5197144052307003, 0.7924988020183238, 1.0]
Final Detection False Alarm:- 
 Total False Alarm: 0.4562862691493277 
 Individual False Alarm: [0.8336159207194783, 0.7321194267889013, 0.8998608109089048, 0.00045286294549266246, 0.0, 0.8890433851526379, 0.0, 0.8930778642639471, 0.314692420713915, 0.0]
SUMMARY_TR cls_rec=0.4087 cls_prec=0.3931 cls_f1=0.4514 det=0.7255 fa=0.4560
SUMMARY_TE cls_rec=0.3690 cls_prec=0.4206 cls_f1=0.3480 det=0.7247 fa=0.4563
[STATE 2026-06-15 23:49:31] Saving results to logs//agem/full-tasks_CIL_all-2026-06-15_21-34-24-2248/39/results
Model size: 0.0289 GB
Memory buffer size: 0.0391 GB
Persistent state sizes (GB): model_params=0.0289 replay=0.0391 regularization=0.0000 arch_mask=0.0000 other=0.1589 total=0.2269
logs//agem/full-tasks_CIL_all-2026-06-15_21-34-24-2248/39/results: {'expt_name': 'full-tasks_CIL_all', 'model': 'agem', 'arch': 'resnet1d', 'n_hiddens': 100, 'n_layers': 2, 'xav_init': False, 'debug': False, 'use_detector_arch': False, 'use_groupnorm': False, 'inner_steps': 2, 'n_epochs': 1, 'batch_size': 256, 'replay_batch_size': 128, 'memories': 5120, 'lr': 0.003, 'optimizer': 'sgd', 'prune_perc': 0.75, 'post_prune_epochs': 0, 'class_weighted_ce': True, 'cuda': True, 'amp': True, 'amp_dtype': 'bfloat16', 'cudnn_benchmark': True, 'seed': 39, 'log_every': 10, 'log_dir': 'logs//agem/full-tasks_CIL_all-2026-06-15_21-34-24-2248/39', 'tf_dir': 'logs//agem/full-tasks_CIL_all-2026-06-15_21-34-24-2248/39/tfdir', 'calc_test_accuracy': False, 'state_logging': True, 'data_path': 'data/rff/radar/full', 'task_order_files': 't2-rcn,t0-rcn,t2-uclresm-25noise,t0-deeprad,t1-deeprad,t1-uclresm-25noise,t3-deeprad,t0-uclresm-25noise,t1-rcn,t2-deeprad', 'loader': 'task_incremental_loader', 'samples_per_task': -1, 'task_order_seed': None, 'classes_per_it': 6, 'iterations': 5000, 'dataset': 'iq', 'workers': 0, 'validation': 0.5, 'data_scaling': 'normalize', 'use_iq_aug_features': False, 'iq_aug_feature_type': 'power', 'class_order': 'random', 'increment': 5, 'test_batch_size': 512, 'nc_per_task': None, 'nc_per_task_list': '', 'val_rate': 1000, 'opt_lr': 0.1, 'opt_wt': 0.1, 'alpha_init': 0.001, 'momentum': 0.0, 'learn_lr': False, 'sync_update': False, 'grad_clip_norm': 5.0, 'meta_batches': 3, 'use_old_task_memory': False, 'second_order': False, 'n_memories': 5120, 'memory_strength': 0, 'memory_loss_lambda': 5.0, 'steps_per_sample': 1, 'bgd_optimizer': 'sgd', 'optimizer_params': '{}', 'train_mc_iters': 5, 'std_init': 0.05, 'mean_eta': 1, 'fisher_gamma': 0.95, 'rln': 7, 'meta_lr': 0.001, 'update_lr': 0.1, 'ctx_lr': 0.05, 'n_meta': 1, 'temperature': 5.0, 'task_emb': 64, 'classes_per_task': [6, 7, 6, 7, 7, 6, 6, 6, 7, 6], 'get_samples_per_task': <bound method IncrementalLoader.get_samples_per_task of <dataloaders.task_incremental_loader.IncrementalLoader object at 0x7a2804cfdc30>>, 'task_epoch_schedule': {}} # val: 0.688 0.369 -0.319 0.000 # sizes: model_gb=0.0289 mem_gb=0.0391 # state_gb: model_params=0.0289 replay=0.0391 regularization=0.0000 arch_mask=0.0000 other=0.1589 total=0.2269 # 8040.305855512619
[STATE 2026-06-15 23:49:31] results.pt components (approx): state_dict 29.6 MB, result_val_t 0.1 KB, result_val_a 0.8 KB
[STATE 2026-06-15 23:49:31] Results saved; total runtime 2.23h
Total runtime: 2.23 hours
