[STATE 2026-06-15 19:20:57] Enabling terminal logging to logs//agem/full-tasks_CIL_all-2026-06-15_19-20-57-2570/55/terminal.log
New Experiment Starting...
Running model:  agem
[STATE 2026-06-15 19:20:57] Experiment 'full-tasks_CIL_all' starting with model 'agem' (seed 55)
Set seed 55
[STATE 2026-06-15 19:20:57] Runtime accel: cudnn.benchmark=False amp=True amp_dtype=bfloat16
t2-rcn.npz train: x=(50362, 1024), y=(50362, 2)
t2-rcn.npz test: x=(16787, 1024), y=(16787, 2)
t2-rcn.npz: applied data scaling mode 'normalize'.
Loaded t2-rcn.npz: Unique train labels: UniqueCountsResult(values=array([-1,  3,  5, 10, 12, 15]), counts=array([24209,  5770,  3030,  2320,  7509,  7524]))
Noise labels ratio in t2-rcn.npz train: 0.24, test: 0.24
Loaded t2-rcn.npz: Remapped labels: [0 1 2 3 4 5]. Size: 50362)
t0-rcn.npz train: x=(51916, 1024), y=(51916, 2)
t0-rcn.npz test: x=(17305, 1024), y=(17305, 2)
t0-rcn.npz: applied data scaling mode 'normalize'.
Loaded t0-rcn.npz: Unique train labels: UniqueCountsResult(values=array([-1,  1,  8,  9, 11, 13, 14]), counts=array([24225,  4268,  2495,  2943,  3015,  7464,  7506]))
Noise labels ratio in t0-rcn.npz train: 0.23, test: 0.23
Loaded t0-rcn.npz: Remapped labels: [ 6  7  8  9 10 11 12]. Size: 51916)
t2-uclresm-25noise.npz train: moved sample axis (3, 350028, 1024) -> (350028, 3, 1024)
t2-uclresm-25noise.npz test: moved sample axis (3, 233351, 1024) -> (233351, 3, 1024)
t2-uclresm-25noise.npz train: x=(350028, 3, 1024), y=(350028,)
t2-uclresm-25noise.npz test: x=(233351, 3, 1024), y=(233351,)
t2-uclresm-25noise.npz: applied data scaling mode 'normalize'.
Loaded t2-uclresm-25noise.npz: Unique train labels: UniqueCountsResult(values=array([-1,  0,  1,  2,  3,  4]), counts=array([87441, 27347, 71754, 64298, 36005, 63183]))
Noise labels ratio in t2-uclresm-25noise.npz train: 0.25, test: 0.25
Loaded t2-uclresm-25noise.npz: Remapped labels: [13 14 15 16 17 18]. Size: 350028)
t0-deeprad.npz train: x=(24480, 1024), y=(24480, 2)
t0-deeprad.npz test: x=(8160, 1024), y=(8160, 2)
t0-deeprad.npz: applied data scaling mode 'normalize'.
Loaded t0-deeprad.npz: Unique train labels: UniqueCountsResult(values=array([-1,  0,  1,  2,  3,  4,  5]), counts=array([12240,  2029,  1983,  2043,  2154,  2015,  2016]))
Noise labels ratio in t0-deeprad.npz train: 0.25, test: 0.25
Loaded t0-deeprad.npz: Remapped labels: [19 20 21 22 23 24 25]. Size: 24480)
t1-deeprad.npz train: x=(24480, 1024), y=(24480, 2)
t1-deeprad.npz test: x=(8160, 1024), y=(8160, 2)
t1-deeprad.npz: applied data scaling mode 'normalize'.
Loaded t1-deeprad.npz: Unique train labels: UniqueCountsResult(values=array([-1,  0,  1,  2,  3,  4,  5]), counts=array([12240,  1988,  2029,  2054,  1988,  2053,  2128]))
Noise labels ratio in t1-deeprad.npz train: 0.25, test: 0.25
Loaded t1-deeprad.npz: Remapped labels: [26 27 28 29 30 31 32]. Size: 24480)
t1-uclresm-25noise.npz train: moved sample axis (3, 201410, 1024) -> (201410, 3, 1024)
t1-uclresm-25noise.npz test: moved sample axis (3, 116291, 1024) -> (116291, 3, 1024)
t1-uclresm-25noise.npz train: x=(201410, 3, 1024), y=(201410,)
t1-uclresm-25noise.npz test: x=(116291, 3, 1024), y=(116291,)
t1-uclresm-25noise.npz: applied data scaling mode 'normalize'.
Loaded t1-uclresm-25noise.npz: Unique train labels: UniqueCountsResult(values=array([-1,  0,  1,  2,  3,  4]), counts=array([43668, 18021, 17838, 18087, 31870, 71926]))
Noise labels ratio in t1-uclresm-25noise.npz train: 0.22, test: 0.25
Loaded t1-uclresm-25noise.npz: Remapped labels: [33 34 35 36 37 38]. Size: 201410)
t3-deeprad.npz train: x=(17340, 1024), y=(17340, 2)
t3-deeprad.npz test: x=(6800, 1024), y=(6800, 2)
t3-deeprad.npz: applied data scaling mode 'normalize'.
Loaded t3-deeprad.npz: Unique train labels: UniqueCountsResult(values=array([-1,  0,  1,  2,  3,  4]), counts=array([8670, 1693, 1677, 1794, 1716, 1790]))
Noise labels ratio in t3-deeprad.npz train: 0.25, test: 0.25
Loaded t3-deeprad.npz: Remapped labels: [39 40 41 42 43 44]. Size: 17340)
t0-uclresm-25noise.npz train: moved sample axis (3, 188050, 1024) -> (188050, 3, 1024)
t0-uclresm-25noise.npz test: moved sample axis (3, 107348, 1024) -> (107348, 3, 1024)
t0-uclresm-25noise.npz train: x=(188050, 3, 1024), y=(188050,)
t0-uclresm-25noise.npz test: x=(107348, 3, 1024), y=(107348,)
t0-uclresm-25noise.npz: applied data scaling mode 'normalize'.
Loaded t0-uclresm-25noise.npz: Unique train labels: UniqueCountsResult(values=array([-1,  0,  1,  2,  3,  4]), counts=array([40144, 32109, 17978, 17979, 18098, 61742]))
Noise labels ratio in t0-uclresm-25noise.npz train: 0.21, test: 0.25
Loaded t0-uclresm-25noise.npz: Remapped labels: [45 46 47 48 49 50]. Size: 188050)
t1-rcn.npz train: x=(36658, 1024), y=(36658, 2)
t1-rcn.npz test: x=(12220, 1024), y=(12220, 2)
t1-rcn.npz: applied data scaling mode 'normalize'.
Loaded t1-rcn.npz: Unique train labels: UniqueCountsResult(values=array([-1,  0,  2,  4,  6,  7, 16]), counts=array([20595,   824,  2087,  2606,  2396,  1716,  6434]))
Noise labels ratio in t1-rcn.npz train: 0.28, test: 0.28
Loaded t1-rcn.npz: Remapped labels: [51 52 53 54 55 56 57]. Size: 36658)
t2-deeprad.npz train: x=(17340, 1024), y=(17340, 2)
t2-deeprad.npz test: x=(6800, 1024), y=(6800, 2)
t2-deeprad.npz: applied data scaling mode 'normalize'.
Loaded t2-deeprad.npz: Unique train labels: UniqueCountsResult(values=array([-1,  0,  1,  2,  3,  4]), counts=array([8670, 1774, 1675, 1777, 1694, 1750]))
Noise labels ratio in t2-deeprad.npz train: 0.25, test: 0.25
Loaded t2-deeprad.npz: Remapped labels: [58 59 60 61 62 63]. Size: 17340)
Built classes_per_task: [6, 7, 6, 7, 7, 6, 6, 6, 7, 6]
Classes per task: [6, 7, 6, 7, 7, 6, 6, 6, 7, 6]
[STATE 2026-06-15 19:22:13] Loader 'task_incremental_loader' ready: 1024 inputs, 64 outputs, 10 tasks
n_outputs: 64 	n_tasks: 10
[STATE 2026-06-15 19:22:13] Logging to logs//agem/full-tasks_CIL_all-2026-06-15_19-20-57-2570/55
True
Model device: cuda:0
[STATE 2026-06-15 19:22:13] Model initialized on device cuda:0
[STATE 2026-06-15 19:22:13] Invoking continual life experience flow
[STATE 2026-06-15 19:22:13] Life experience start: 10 tasks queued
[STATE 2026-06-15 19:22:13] Legacy epoch behavior enabled: using n_epochs=1 for all tasks
Task 0: 50362 training samples, 16787 test samples.
[STATE 2026-06-15 19:22:13] Task 0: zero-shot validation (pre-train)
---- Zero-shot (pre-train) task 0: rec_cls 0.1900 | prec_cls 0.1127 | f1_cls 0.0558 | det 0.5000 | pfa 1.0000 | total_f1 0.0558 ----
[STATE 2026-06-15 19:22:18] Starting task 0 (1/10)
[STATE 2026-06-15 19:22:18] Task 0 Epoch 1/1: entering train loop
[STATE 2026-06-15 19:23:14] Task 0 Epoch 1/1: running validation (end of epoch)
---- Eval at Epoch 0: cls [0.8708838749317326] | det_recall [0.8772968946533243] | det_fa [0.22759962899605493] ----
T0 Ep 1/1 | L 0.7347 | Train Acc 0.72 | Prec 0.73 | F1 0.67 | Det Rec 0.83 | Det FA 0.28 | Epoch Time 60.91s (Eval 4.39s, Train 56.52s)
[STATE 2026-06-15 19:23:19] T0 Ep 1/1 complete: Prec 0.7293 F1 0.6665 DetRec 0.8345 DetFA 0.2783 | 60.91s total (4.39s eval/56.52s train)
[STATE 2026-06-15 19:23:19] Task 0: running final validation.
Saved task checkpoint: logs//agem/full-tasks_CIL_all-2026-06-15_19-20-57-2570/55/checkpoints/task_0.pt
[STATE 2026-06-15 19:23:27] Saved task checkpoint to logs//agem/full-tasks_CIL_all-2026-06-15_19-20-57-2570/55/checkpoints/task_0.pt
[STATE 2026-06-15 19:23:27] Completed task 0 (1/10)
Task 1: 51916 training samples, 17305 test samples.
[STATE 2026-06-15 19:23:27] Task 1: zero-shot validation (pre-train)
---- Zero-shot (pre-train) task 1: rec_cls 0.1996 | prec_cls 0.1282 | f1_cls 0.0742 | det 0.5000 | pfa 1.0000 | total_f1 0.4420 ----
[STATE 2026-06-15 19:23:42] Starting task 1 (2/10)
[STATE 2026-06-15 19:23:42] Task 1 Epoch 1/1: entering train loop
[STATE 2026-06-15 19:27:24] Task 1 Epoch 1/1: running validation (end of epoch)
---- Eval at Epoch 0: cls [0.800401204576566, 0.8281918653256879] | det_recall [0.8447832492016676, 0.8633028415760942] | det_fa [0.29165983006043306, 0.2334970544472333] ----
T1 Ep 1/1 | L 0.7506 | Train Acc 0.73 | Prec 0.78 | F1 0.62 | Det Rec 0.73 | Det FA 0.49 | Epoch Time 238.07s (Eval 15.91s, Train 222.15s)
[STATE 2026-06-15 19:27:40] T1 Ep 1/1 complete: Prec 0.7768 F1 0.6203 DetRec 0.7274 DetFA 0.4871 | 238.07s total (15.91s eval/222.15s train)
[STATE 2026-06-15 19:27:40] Task 1: running final validation.
Saved task checkpoint: logs//agem/full-tasks_CIL_all-2026-06-15_19-20-57-2570/55/checkpoints/task_1.pt
[STATE 2026-06-15 19:27:56] Saved task checkpoint to logs//agem/full-tasks_CIL_all-2026-06-15_19-20-57-2570/55/checkpoints/task_1.pt
[STATE 2026-06-15 19:27:56] Completed task 1 (2/10)
Task 2: 350028 training samples, 175014 test samples.
[STATE 2026-06-15 19:28:06] Task 2: zero-shot validation (pre-train)
---- Zero-shot (pre-train) task 2: rec_cls 0.0864 | prec_cls 0.1997 | f1_cls 0.1428 | det 0.5585 | pfa 0.3158 | total_f1 0.5526 ----
[STATE 2026-06-15 19:29:43] Starting task 2 (3/10)
[STATE 2026-06-15 19:29:43] Task 2 Epoch 1/1: entering train loop
[STATE 2026-06-15 19:55:19] Task 2 Epoch 1/1: running validation (end of epoch)
---- Eval at Epoch 0: cls [0.686405332233471, 0.5639513953063024, 0.7092237895892052] | det_recall [0.7540144841959484, 0.7300809584111759, 0.8360968133101463] | det_fa [0.46200856125448303, 0.42855135338705336, 0.2882832635464557] ----
T2 Ep 1/1 | L 0.9809 | Train Acc 0.57 | Prec 0.60 | F1 0.57 | Det Rec 0.81 | Det FA 0.33 | Epoch Time 1634.94s (Eval 98.92s, Train 1536.03s)
[STATE 2026-06-15 19:56:58] T2 Ep 1/1 complete: Prec 0.5982 F1 0.5666 DetRec 0.8075 DetFA 0.3306 | 1634.94s total (98.92s eval/1536.03s train)
[STATE 2026-06-15 19:56:58] Task 2: running final validation.
Saved task checkpoint: logs//agem/full-tasks_CIL_all-2026-06-15_19-20-57-2570/55/checkpoints/task_2.pt
[STATE 2026-06-15 19:58:37] Saved task checkpoint to logs//agem/full-tasks_CIL_all-2026-06-15_19-20-57-2570/55/checkpoints/task_2.pt
[STATE 2026-06-15 19:58:37] Completed task 2 (3/10)
Task 3: 24480 training samples, 8160 test samples.
[STATE 2026-06-15 19:58:38] Task 3: zero-shot validation (pre-train)
---- Zero-shot (pre-train) task 3: rec_cls 0.1208 | prec_cls 0.0898 | f1_cls 0.0563 | det 0.4619 | pfa 1.0000 | total_f1 0.4647 ----
[STATE 2026-06-15 20:00:21] Starting task 3 (4/10)
[STATE 2026-06-15 20:00:21] Task 3 Epoch 1/1: entering train loop
[STATE 2026-06-15 20:02:09] Task 3 Epoch 1/1: running validation (end of epoch)
---- Eval at Epoch 0: cls [0.46499487770548753, 0.4639274580639434, 0.5796610220925034, 0.5988737417892676] | det_recall [0.6798877271157412, 0.5979821190996861, 0.8140600947954678, 0.9985330784099087] | det_fa [0.5336434900242715, 0.7376345976200538, 0.33415537599263806, 0.0021856048596294183] ----
T3 Ep 1/1 | L 0.8939 | Train Acc 0.56 | Prec 0.57 | F1 0.60 | Det Rec 0.98 | Det FA 0.03 | Epoch Time 211.54s (Eval 102.81s, Train 108.73s)
[STATE 2026-06-15 20:03:52] T3 Ep 1/1 complete: Prec 0.5709 F1 0.6013 DetRec 0.9843 DetFA 0.0257 | 211.54s total (102.81s eval/108.73s train)
[STATE 2026-06-15 20:03:52] Task 3: running final validation.
Saved task checkpoint: logs//agem/full-tasks_CIL_all-2026-06-15_19-20-57-2570/55/checkpoints/task_3.pt
[STATE 2026-06-15 20:05:35] Saved task checkpoint to logs//agem/full-tasks_CIL_all-2026-06-15_19-20-57-2570/55/checkpoints/task_3.pt
[STATE 2026-06-15 20:05:35] Completed task 3 (4/10)
Task 4: 24480 training samples, 8160 test samples.
[STATE 2026-06-15 20:05:36] Task 4: zero-shot validation (pre-train)
---- Zero-shot (pre-train) task 4: rec_cls 0.0713 | prec_cls 0.0827 | f1_cls 0.0276 | det 0.2875 | pfa 1.0000 | total_f1 0.4109 ----
[STATE 2026-06-15 20:07:22] Starting task 4 (5/10)
[STATE 2026-06-15 20:07:22] Task 4 Epoch 1/1: entering train loop
[STATE 2026-06-15 20:09:11] Task 4 Epoch 1/1: running validation (end of epoch)
---- Eval at Epoch 0: cls [0.41466643431397343, 0.44794736156524323, 0.5155483301414884, 0.5368665501961523, 0.44366477498563406] | det_recall [0.6490507281455632, 0.6096320189861462, 0.7920626981956695, 0.9962844729202915, 1.0] | det_fa [0.5547414556056484, 0.729624892820125, 0.36787806796797484, 0.0009706343687320062, 0.0] ----
T4 Ep 1/1 | L 1.0739 | Train Acc 0.37 | Prec 0.35 | F1 0.41 | Det Rec 0.99 | Det FA 0.01 | Epoch Time 219.26s (Eval 110.19s, Train 109.07s)
[STATE 2026-06-15 20:11:02] T4 Ep 1/1 complete: Prec 0.3511 F1 0.4066 DetRec 0.9908 DetFA 0.0113 | 219.26s total (110.19s eval/109.07s train)
[STATE 2026-06-15 20:11:02] Task 4: running final validation.
Saved task checkpoint: logs//agem/full-tasks_CIL_all-2026-06-15_19-20-57-2570/55/checkpoints/task_4.pt
[STATE 2026-06-15 20:12:48] Saved task checkpoint to logs//agem/full-tasks_CIL_all-2026-06-15_19-20-57-2570/55/checkpoints/task_4.pt
[STATE 2026-06-15 20:12:48] Completed task 4 (5/10)
Task 5: 201410 training samples, 100705 test samples.
[STATE 2026-06-15 20:13:05] Task 5: zero-shot validation (pre-train)
---- Zero-shot (pre-train) task 5: rec_cls 0.0357 | prec_cls 0.0705 | f1_cls 0.0837 | det 0.5063 | pfa 0.1671 | total_f1 0.4041 ----
[STATE 2026-06-15 20:15:39] Starting task 5 (6/10)
[STATE 2026-06-15 20:15:39] Task 5 Epoch 1/1: entering train loop
[STATE 2026-06-15 20:30:43] Task 5 Epoch 1/1: running validation (end of epoch)
---- Eval at Epoch 0: cls [0.3781620122518818, 0.2862873704035811, 0.2670107168984065, 0.4285011940273292, 0.27769441490121843, 0.8011257769910841] | det_recall [0.6286756133348418, 0.5432362394552124, 0.5527580955701348, 0.9845592463203761, 0.9981237857363044, 0.8704114617380356] | det_fa [0.6167127620556953, 0.6971883756180214, 0.7562267148251602, 0.008936126546750987, 0.0, 0.23776934608429176] ----
T5 Ep 1/1 | L 0.6547 | Train Acc 0.73 | Prec 0.74 | F1 0.71 | Det Rec 0.86 | Det FA 0.23 | Epoch Time 1058.24s (Eval 154.42s, Train 903.82s)
[STATE 2026-06-15 20:33:17] T5 Ep 1/1 complete: Prec 0.7399 F1 0.7070 DetRec 0.8551 DetFA 0.2342 | 1058.24s total (154.42s eval/903.82s train)
[STATE 2026-06-15 20:33:17] Task 5: running final validation.
Saved task checkpoint: logs//agem/full-tasks_CIL_all-2026-06-15_19-20-57-2570/55/checkpoints/task_5.pt
[STATE 2026-06-15 20:35:51] Saved task checkpoint to logs//agem/full-tasks_CIL_all-2026-06-15_19-20-57-2570/55/checkpoints/task_5.pt
[STATE 2026-06-15 20:35:51] Completed task 5 (6/10)
Task 6: 17340 training samples, 6800 test samples.
[STATE 2026-06-15 20:35:52] Task 6: zero-shot validation (pre-train)
---- Zero-shot (pre-train) task 6: rec_cls 0.2619 | prec_cls 0.2437 | f1_cls 0.1391 | det 0.4814 | pfa 0.9761 | total_f1 0.3640 ----
[STATE 2026-06-15 20:38:29] Starting task 6 (7/10)
[STATE 2026-06-15 20:38:29] Task 6 Epoch 1/1: entering train loop
[STATE 2026-06-15 20:39:45] Task 6 Epoch 1/1: running validation (end of epoch)
---- Eval at Epoch 0: cls [0.24342321237669262, 0.23945824217207706, 0.26001241669961556, 0.4037847037035716, 0.34209432054626265, 0.7141351548905669, 0.5788041308248962] | det_recall [0.4760655469978932, 0.48332634204043656, 0.6242254699565549, 0.9912809926019883, 1.0, 0.8220003335165994, 1.0] | det_fa [0.7453631108862226, 0.7996901479355052, 0.6741992587530014, 0.0017051741080233965, 0.0, 0.3485374120176574, 0.0] ----
T6 Ep 1/1 | L 0.8950 | Train Acc 0.52 | Prec 0.52 | F1 0.58 | Det Rec 0.99 | Det FA 0.01 | Epoch Time 233.46s (Eval 157.39s, Train 76.07s)
[STATE 2026-06-15 20:42:23] T6 Ep 1/1 complete: Prec 0.5183 F1 0.5780 DetRec 0.9916 DetFA 0.0147 | 233.46s total (157.39s eval/76.07s train)
[STATE 2026-06-15 20:42:23] Task 6: running final validation.
Saved task checkpoint: logs//agem/full-tasks_CIL_all-2026-06-15_19-20-57-2570/55/checkpoints/task_6.pt
[STATE 2026-06-15 20:45:00] Saved task checkpoint to logs//agem/full-tasks_CIL_all-2026-06-15_19-20-57-2570/55/checkpoints/task_6.pt
[STATE 2026-06-15 20:45:00] Completed task 6 (7/10)
Task 7: 188050 training samples, 94025 test samples.
[STATE 2026-06-15 20:45:14] Task 7: zero-shot validation (pre-train)
---- Zero-shot (pre-train) task 7: rec_cls 0.2410 | prec_cls 0.2315 | f1_cls 0.1171 | det 0.4979 | pfa 0.9892 | total_f1 0.3733 ----
[STATE 2026-06-15 20:48:36] Starting task 7 (8/10)
[STATE 2026-06-15 20:48:36] Task 7 Epoch 1/1: entering train loop
[STATE 2026-06-15 21:02:40] Task 7 Epoch 1/1: running validation (end of epoch)
---- Eval at Epoch 0: cls [0.2967979814952374, 0.2334334375648872, 0.24108975018894618, 0.3942168771065792, 0.2757607444669803, 0.5652598193353284, 0.43444623237143304, 0.7968657539724463] | det_recall [0.47547463407816093, 0.5037863518770542, 0.61383040707018, 0.9371579262543699, 0.9865237799067212, 0.8864145409832238, 0.9936019628462052, 0.8553883975343236] | det_fa [0.8368645724629644, 0.7713609902788205, 0.6347477965191968, 0.07530165290529489, 0.0, 0.14218048035320532, 0.012796074307589469, 0.2492304471534948] ----
T7 Ep 1/1 | L 0.6105 | Train Acc 0.74 | Prec 0.76 | F1 0.72 | Det Rec 0.85 | Det FA 0.23 | Epoch Time 1046.11s (Eval 201.88s, Train 844.24s)
[STATE 2026-06-15 21:06:02] T7 Ep 1/1 complete: Prec 0.7609 F1 0.7231 DetRec 0.8515 DetFA 0.2288 | 1046.11s total (201.88s eval/844.24s train)
[STATE 2026-06-15 21:06:02] Task 7: running final validation.
Saved task checkpoint: logs//agem/full-tasks_CIL_all-2026-06-15_19-20-57-2570/55/checkpoints/task_7.pt
[STATE 2026-06-15 21:09:24] Saved task checkpoint to logs//agem/full-tasks_CIL_all-2026-06-15_19-20-57-2570/55/checkpoints/task_7.pt
[STATE 2026-06-15 21:09:24] Completed task 7 (8/10)
Task 8: 36658 training samples, 12220 test samples.
[STATE 2026-06-15 21:09:25] Task 8: zero-shot validation (pre-train)
---- Zero-shot (pre-train) task 8: rec_cls 0.1431 | prec_cls 0.0336 | f1_cls 0.0206 | det 0.4978 | pfa 0.9981 | total_f1 0.3724 ----
[STATE 2026-06-15 21:12:53] Starting task 8 (9/10)
[STATE 2026-06-15 21:12:53] Task 8 Epoch 1/1: entering train loop
[STATE 2026-06-15 21:15:34] Task 8 Epoch 1/1: running validation (end of epoch)
---- Eval at Epoch 0: cls [0.48332960957332016, 0.420429919460487, 0.19349281515649172, 0.3438715459173292, 0.27809793527182114, 0.31844193734272525, 0.411986640640393, 0.4014170428983352, 0.8080050296992815] | det_recall [0.5142991401441406, 0.6160592091473541, 0.4732185600134218, 0.9686069414043955, 1.0, 0.5024578091023683, 1.0, 0.5045029575388439, 0.8066406276548571] | det_fa [0.9504949427201803, 0.648398501997451, 0.8564755500058605, 0.0, 0.0, 0.912968973885342, 0.0, 0.9141085096807527, 0.3428614405658645] ----
T8 Ep 1/1 | L 0.8146 | Train Acc 0.72 | Prec 0.73 | F1 0.58 | Det Rec 0.76 | Det FA 0.44 | Epoch Time 369.50s (Eval 207.76s, Train 161.75s)
[STATE 2026-06-15 21:19:02] T8 Ep 1/1 complete: Prec 0.7278 F1 0.5801 DetRec 0.7602 DetFA 0.4408 | 369.50s total (207.76s eval/161.75s train)
[STATE 2026-06-15 21:19:02] Task 8: running final validation.
Saved task checkpoint: logs//agem/full-tasks_CIL_all-2026-06-15_19-20-57-2570/55/checkpoints/task_8.pt
[STATE 2026-06-15 21:22:30] Saved task checkpoint to logs//agem/full-tasks_CIL_all-2026-06-15_19-20-57-2570/55/checkpoints/task_8.pt
[STATE 2026-06-15 21:22:30] Completed task 8 (9/10)
Task 9: 17340 training samples, 6800 test samples.
[STATE 2026-06-15 21:22:30] Task 9: zero-shot validation (pre-train)
---- Zero-shot (pre-train) task 9: rec_cls 0.0083 | prec_cls 0.0710 | f1_cls 0.0221 | det 0.1150 | pfa 0.9119 | total_f1 0.3371 ----
[STATE 2026-06-15 21:26:01] Starting task 9 (10/10)
[STATE 2026-06-15 21:26:01] Task 9 Epoch 1/1: entering train loop
[STATE 2026-06-15 21:27:18] Task 9 Epoch 1/1: running validation (end of epoch)
---- Eval at Epoch 0: cls [0.38664961675653703, 0.30988564204543007, 0.18768101963229517, 0.25476908089236294, 0.3259042397044313, 0.35803454872840484, 0.44084748892707143, 0.39198617577752753, 0.4873244875975895, 0.4608947442981945] | det_recall [0.48933342074433833, 0.5067776139760879, 0.4762166866486958, 0.9610512683901361, 1.0, 0.5110264124660266, 1.0, 0.5140512855282767, 0.777476628040533, 1.0] | det_fa [0.9570346619442005, 0.9077499204394619, 0.8165305568071112, 0.0, 0.0, 0.9478052646068788, 0.0, 0.9102510432044995, 0.15577832845337553, 0.0] ----
T9 Ep 1/1 | L 0.9924 | Train Acc 0.40 | Prec 0.39 | F1 0.45 | Det Rec 0.98 | Det FA 0.01 | Epoch Time 287.56s (Eval 210.97s, Train 76.58s)
[STATE 2026-06-15 21:30:49] T9 Ep 1/1 complete: Prec 0.3896 F1 0.4524 DetRec 0.9811 DetFA 0.0142 | 287.56s total (210.97s eval/76.58s train)
[STATE 2026-06-15 21:30:49] Task 9: running final validation.
Saved task checkpoint: logs//agem/full-tasks_CIL_all-2026-06-15_19-20-57-2570/55/checkpoints/task_9.pt
[STATE 2026-06-15 21:34:20] Saved task checkpoint to logs//agem/full-tasks_CIL_all-2026-06-15_19-20-57-2570/55/checkpoints/task_9.pt
[STATE 2026-06-15 21:34:20] Completed task 9 (10/10)
####Final Validation Accuracy####
Final Results:- 
 Total Recall: 0.3605128113139042 
 Individual Recall: [0.38082908258236803, 0.31320884256740117, 0.18714861400443436, 0.25449151421692, 0.33020999002339907, 0.3600260722003208, 0.43753379980078266, 0.3943898937375599, 0.48719624461155653, 0.4600940593942994]
Final Detection Results:- 
 Total Detection: 0.7236601740922308 
 Individual Detection: [0.48957687708852643, 0.5052432385385126, 0.47624183487028765, 0.9613149321914275, 1.0, 0.5116799431546382, 1.0, 0.5129465039177245, 0.7795984111611904, 1.0]
Final Detection False Alarm:- 
 Total False Alarm: 0.4695034576975818 
 Individual False Alarm: [0.9569569770523619, 0.9078019207108273, 0.8160350567244526, 0.0, 0.0, 0.9467819970682239, 0.0, 0.9135774255117493, 0.15388119990820337, 0.0]
SUMMARY_TR cls_rec=0.4021 cls_prec=0.3896 cls_f1=0.4524 det=0.7236 fa=0.4695
SUMMARY_TE cls_rec=0.3605 cls_prec=0.4202 cls_f1=0.3319 det=0.7237 fa=0.4695
[STATE 2026-06-15 21:34:20] Saving results to logs//agem/full-tasks_CIL_all-2026-06-15_19-20-57-2570/55/results
Model size: 0.0289 GB
Memory buffer size: 0.0391 GB
Persistent state sizes (GB): model_params=0.0289 replay=0.0391 regularization=0.0000 arch_mask=0.0000 other=0.1589 total=0.2269
logs//agem/full-tasks_CIL_all-2026-06-15_19-20-57-2570/55/results: {'expt_name': 'full-tasks_CIL_all', 'model': 'agem', 'arch': 'resnet1d', 'n_hiddens': 100, 'n_layers': 2, 'xav_init': False, 'debug': False, 'use_detector_arch': False, 'use_groupnorm': False, 'inner_steps': 2, 'n_epochs': 1, 'batch_size': 256, 'replay_batch_size': 128, 'memories': 5120, 'lr': 0.003, 'optimizer': 'sgd', 'prune_perc': 0.75, 'post_prune_epochs': 0, 'class_weighted_ce': True, 'cuda': True, 'amp': True, 'amp_dtype': 'bfloat16', 'cudnn_benchmark': True, 'seed': 55, 'log_every': 10, 'log_dir': 'logs//agem/full-tasks_CIL_all-2026-06-15_19-20-57-2570/55', 'tf_dir': 'logs//agem/full-tasks_CIL_all-2026-06-15_19-20-57-2570/55/tfdir', 'calc_test_accuracy': False, 'state_logging': True, 'data_path': 'data/rff/radar/full', 'task_order_files': 't2-rcn,t0-rcn,t2-uclresm-25noise,t0-deeprad,t1-deeprad,t1-uclresm-25noise,t3-deeprad,t0-uclresm-25noise,t1-rcn,t2-deeprad', 'loader': 'task_incremental_loader', 'samples_per_task': -1, 'task_order_seed': None, 'classes_per_it': 6, 'iterations': 5000, 'dataset': 'iq', 'workers': 0, 'validation': 0.5, 'data_scaling': 'normalize', 'use_iq_aug_features': False, 'iq_aug_feature_type': 'power', 'class_order': 'random', 'increment': 5, 'test_batch_size': 512, 'nc_per_task': None, 'nc_per_task_list': '', 'val_rate': 1000, 'opt_lr': 0.1, 'opt_wt': 0.1, 'alpha_init': 0.001, 'momentum': 0.0, 'learn_lr': False, 'sync_update': False, 'grad_clip_norm': 5.0, 'meta_batches': 3, 'use_old_task_memory': False, 'second_order': False, 'n_memories': 5120, 'memory_strength': 0, 'memory_loss_lambda': 5.0, 'steps_per_sample': 1, 'bgd_optimizer': 'sgd', 'optimizer_params': '{}', 'train_mc_iters': 5, 'std_init': 0.05, 'mean_eta': 1, 'fisher_gamma': 0.95, 'rln': 7, 'meta_lr': 0.001, 'update_lr': 0.1, 'ctx_lr': 0.05, 'n_meta': 1, 'temperature': 5.0, 'task_emb': 64, 'classes_per_task': [6, 7, 6, 7, 7, 6, 6, 6, 7, 6], 'get_samples_per_task': <bound method IncrementalLoader.get_samples_per_task of <dataloaders.task_incremental_loader.IncrementalLoader object at 0x78b7302d1c30>>, 'task_epoch_schedule': {}} # val: 0.688 0.361 -0.328 0.000 # sizes: model_gb=0.0289 mem_gb=0.0391 # state_gb: model_params=0.0289 replay=0.0391 regularization=0.0000 arch_mask=0.0000 other=0.1589 total=0.2269 # 7926.2096292972565
[STATE 2026-06-15 21:34:21] results.pt components (approx): state_dict 29.6 MB, result_val_t 0.1 KB, result_val_a 0.8 KB
[STATE 2026-06-15 21:34:21] Results saved; total runtime 2.20h
Total runtime: 2.20 hours
